[INFO] Scanning for projects...
[INFO] 
[INFO] ------------------< com.alantek:caja-ahorros-backend >------------------
[INFO] Building caja-ahorros-backend 0.0.1-SNAPSHOT
[INFO]   from pom.xml
[INFO] --------------------------------[ jar ]---------------------------------
[INFO] 
[INFO] >>> spring-boot:3.5.3:run (default-cli) > test-compile @ caja-ahorros-backend >>>
[INFO] 
[INFO] --- resources:3.3.1:resources (default-resources) @ caja-ahorros-backend ---
[INFO] Copying 2 resources from src\main\resources to target\classes
[INFO] Copying 11 resources from src\main\resources to target\classes
[INFO] 
[INFO] --- compiler:3.14.0:compile (default-compile) @ caja-ahorros-backend ---
[INFO] Nothing to compile - all classes are up to date.
[INFO] 
[INFO] --- resources:3.3.1:testResources (default-testResources) @ caja-ahorros-backend ---
[INFO] Copying 1 resource from src\test\resources to target\test-classes
[INFO] 
[INFO] --- compiler:3.14.0:testCompile (default-testCompile) @ caja-ahorros-backend ---
[INFO] Nothing to compile - all classes are up to date.
[INFO] 
[INFO] <<< spring-boot:3.5.3:run (default-cli) < test-compile @ caja-ahorros-backend <<<
[INFO] 
[INFO] 
[INFO] --- spring-boot:3.5.3:run (default-cli) @ caja-ahorros-backend ---
[INFO] Attaching agents: []
Standard Commons Logging discovery in action with spring-jcl: please remove commons-logging.jar from classpath in order to avoid potential conflicts

  .   ____          _            __ _ _
 /\\ / ___'_ __ _ _(_)_ __  __ _ \ \ \ \
( ( )\___ | '_ | '_| | '_ \/ _` | \ \ \ \
 \\/  ___)| |_)| | | | | || (_| |  ) ) ) )
  '  |____| .__|_| |_|_| |_\__, | / / / /
 =========|_|==============|___/=/_/_/_/

 :: Spring Boot ::                (v3.5.3)

2026-08-25T23:08:54.480-05:00  INFO 28088 --- [caja-ahorros-backend] [           main] c.a.caja.CajaAhorrosBackendApplication   : Starting CajaAhorrosBackendApplication using Java 26.0.2 with PID 28088 (D:\PROYECTOS\PERSONAL\Caja_ahorros\backend\target\classes started by Alexi in D:\PROYECTOS\PERSONAL\Caja_ahorros\backend)
2026-08-25T23:08:54.482-05:00  INFO 28088 --- [caja-ahorros-backend] [           main] c.a.caja.CajaAhorrosBackendApplication   : The following 1 profile is active: "dev"
2026-08-25T23:08:55.220-05:00  INFO 28088 --- [caja-ahorros-backend] [           main] .s.d.r.c.RepositoryConfigurationDelegate : Bootstrapping Spring Data JPA repositories in DEFAULT mode.
2026-08-25T23:08:55.345-05:00  INFO 28088 --- [caja-ahorros-backend] [           main] .s.d.r.c.RepositoryConfigurationDelegate : Finished Spring Data repository scanning in 118 ms. Found 40 JPA repository interfaces.
2026-08-25T23:08:55.834-05:00  INFO 28088 --- [caja-ahorros-backend] [           main] o.s.b.w.embedded.tomcat.TomcatWebServer  : Tomcat initialized with port 8080 (http)
2026-08-25T23:08:55.844-05:00  INFO 28088 --- [caja-ahorros-backend] [           main] o.apache.catalina.core.StandardService   : Starting service [Tomcat]
2026-08-25T23:08:55.844-05:00  INFO 28088 --- [caja-ahorros-backend] [           main] o.apache.catalina.core.StandardEngine    : Starting Servlet engine: [Apache Tomcat/10.1.42]
2026-08-25T23:08:55.893-05:00  INFO 28088 --- [caja-ahorros-backend] [           main] o.a.c.c.C.[Tomcat].[localhost].[/]       : Initializing Spring embedded WebApplicationContext
2026-08-25T23:08:55.894-05:00  INFO 28088 --- [caja-ahorros-backend] [           main] w.s.c.ServletWebServerApplicationContext : Root WebApplicationContext: initialization completed in 1375 ms
Standard Commons Logging discovery in action with spring-jcl: please remove commons-logging.jar from classpath in order to avoid potential conflicts
2026-08-25T23:08:56.036-05:00  INFO 28088 --- [caja-ahorros-backend] [           main] com.zaxxer.hikari.HikariDataSource       : HikariPool-1 - Starting...
2026-08-25T23:08:56.167-05:00  INFO 28088 --- [caja-ahorros-backend] [           main] com.zaxxer.hikari.pool.HikariPool        : HikariPool-1 - Added connection org.postgresql.jdbc.PgConnection@56b9d43f
2026-08-25T23:08:56.169-05:00  INFO 28088 --- [caja-ahorros-backend] [           main] com.zaxxer.hikari.HikariDataSource       : HikariPool-1 - Start completed.
2026-08-25T23:08:56.284-05:00  INFO 28088 --- [caja-ahorros-backend] [           main] o.hibernate.jpa.internal.util.LogHelper  : HHH000204: Processing PersistenceUnitInfo [name: default]
2026-08-25T23:08:56.318-05:00  INFO 28088 --- [caja-ahorros-backend] [           main] org.hibernate.Version                    : HHH000412: Hibernate ORM core version 6.6.18.Final
2026-08-25T23:08:56.341-05:00  INFO 28088 --- [caja-ahorros-backend] [           main] o.h.c.internal.RegionFactoryInitiator    : HHH000026: Second-level cache disabled
2026-08-25T23:08:56.537-05:00  INFO 28088 --- [caja-ahorros-backend] [           main] o.s.o.j.p.SpringPersistenceUnitInfo      : No LoadTimeWeaver setup: ignoring JPA class transformer
2026-08-25T23:08:56.600-05:00  INFO 28088 --- [caja-ahorros-backend] [           main] org.hibernate.orm.connections.pooling    : HHH10001005: Database info:
	Database JDBC URL [Connecting through datasource 'HikariDataSource (HikariPool-1)']
	Database driver: undefined/unknown
	Database version: 18.4
	Autocommit mode: undefined/unknown
	Isolation level: undefined/unknown
	Minimum pool size: undefined/unknown
	Maximum pool size: undefined/unknown
2026-08-25T23:08:57.839-05:00  INFO 28088 --- [caja-ahorros-backend] [           main] o.h.e.t.j.p.i.JtaPlatformInitiator       : HHH000489: No JTA platform available (set 'hibernate.transaction.jta.platform' to enable JTA platform integration)
2026-08-25T23:08:57.841-05:00  INFO 28088 --- [caja-ahorros-backend] [           main] j.LocalContainerEntityManagerFactoryBean : Initialized JPA EntityManagerFactory for persistence unit 'default'
2026-08-25T23:08:58.162-05:00  INFO 28088 --- [caja-ahorros-backend] [           main] o.s.d.j.r.query.QueryEnhancerFactory     : Hibernate is in classpath; If applicable, HQL parser will be used.
2026-08-25T23:08:59.575-05:00  INFO 28088 --- [caja-ahorros-backend] [           main] eAuthenticationProviderManagerConfigurer : Global AuthenticationManager configured with AuthenticationProvider bean with name authenticationProvider
2026-08-25T23:08:59.575-05:00  WARN 28088 --- [caja-ahorros-backend] [           main] r$InitializeUserDetailsManagerConfigurer : Global AuthenticationManager configured with an AuthenticationProvider bean. UserDetailsService beans will not be used by Spring Security for automatically configuring username/password login. Consider removing the AuthenticationProvider bean. Alternatively, consider using the UserDetailsService in a manually instantiated DaoAuthenticationProvider. If the current configuration is intentional, to turn off this warning, increase the logging level of 'org.springframework.security.config.annotation.authentication.configuration.InitializeUserDetailsBeanManagerConfigurer' to ERROR
2026-08-25T23:08:59.968-05:00  INFO 28088 --- [caja-ahorros-backend] [           main] o.s.b.a.e.web.EndpointLinksResolver      : Exposing 1 endpoint beneath base path '/actuator'
2026-08-25T23:09:00.196-05:00  WARN 28088 --- [caja-ahorros-backend] [           main] ion$DefaultTemplateResolverConfiguration : Cannot find template location: classpath:/templates/ (please add some templates, check your Thymeleaf configuration, or set spring.thymeleaf.check-template-location=false)
2026-08-25T23:09:00.426-05:00  INFO 28088 --- [caja-ahorros-backend] [           main] o.s.b.w.embedded.tomcat.TomcatWebServer  : Tomcat started on port 8080 (http) with context path '/'
2026-08-25T23:09:00.439-05:00  INFO 28088 --- [caja-ahorros-backend] [           main] c.a.caja.CajaAhorrosBackendApplication   : Started CajaAhorrosBackendApplication in 6.304 seconds (process running for 6.608)
2026-08-25T23:09:27.521-05:00  INFO 28088 --- [caja-ahorros-backend] [nio-8080-exec-4] o.a.c.c.C.[Tomcat].[localhost].[/]       : Initializing Spring DispatcherServlet 'dispatcherServlet'
2026-08-25T23:09:27.521-05:00  INFO 28088 --- [caja-ahorros-backend] [nio-8080-exec-4] o.s.web.servlet.DispatcherServlet        : Initializing Servlet 'dispatcherServlet'
2026-08-25T23:09:27.523-05:00  INFO 28088 --- [caja-ahorros-backend] [nio-8080-exec-4] o.s.web.servlet.DispatcherServlet        : Completed initialization in 2 ms
