
  .   ____          _            __ _ _
 /\\ / ___'_ __ _ _(_)_ __  __ _ \ \ \ \
( ( )\___ | '_ | '_| | '_ \/ _` | \ \ \ \
 \\/  ___)| |_)| | | | | || (_| |  ) ) ) )
  '  |____| .__|_| |_|_| |_\__, | / / / /
 =========|_|==============|___/=/_/_/_/

 :: Spring Boot ::                (v3.5.3)

2026-08-15T23:05:56.711-05:00  INFO 29084 --- [caja-ahorros-backend] [           main] c.a.caja.CajaAhorrosBackendApplication   : Starting CajaAhorrosBackendApplication v0.0.1-SNAPSHOT using Java 26.0.2 with PID 29084 (D:\PROYECTOS\PERSONAL\Caja_ahorros\backend\target\caja-ahorros-backend-0.0.1-SNAPSHOT.jar started by Alexi in D:\PROYECTOS\PERSONAL\Caja_ahorros\backend)
2026-08-15T23:05:56.713-05:00  INFO 29084 --- [caja-ahorros-backend] [           main] c.a.caja.CajaAhorrosBackendApplication   : No active profile set, falling back to 1 default profile: "default"
2026-08-15T23:05:57.608-05:00  INFO 29084 --- [caja-ahorros-backend] [           main] .s.d.r.c.RepositoryConfigurationDelegate : Bootstrapping Spring Data JPA repositories in DEFAULT mode.
2026-08-15T23:05:57.733-05:00  INFO 29084 --- [caja-ahorros-backend] [           main] .s.d.r.c.RepositoryConfigurationDelegate : Finished Spring Data repository scanning in 106 ms. Found 37 JPA repository interfaces.
2026-08-15T23:05:58.370-05:00  INFO 29084 --- [caja-ahorros-backend] [           main] o.s.b.w.embedded.tomcat.TomcatWebServer  : Tomcat initialized with port 8080 (http)
2026-08-15T23:05:58.396-05:00  INFO 29084 --- [caja-ahorros-backend] [           main] o.apache.catalina.core.StandardService   : Starting service [Tomcat]
2026-08-15T23:05:58.396-05:00  INFO 29084 --- [caja-ahorros-backend] [           main] o.apache.catalina.core.StandardEngine    : Starting Servlet engine: [Apache Tomcat/10.1.42]
2026-08-15T23:05:58.429-05:00  INFO 29084 --- [caja-ahorros-backend] [           main] o.a.c.c.C.[Tomcat].[localhost].[/]       : Initializing Spring embedded WebApplicationContext
2026-08-15T23:05:58.430-05:00  INFO 29084 --- [caja-ahorros-backend] [           main] w.s.c.ServletWebServerApplicationContext : Root WebApplicationContext: initialization completed in 1676 ms
2026-08-15T23:05:58.629-05:00  INFO 29084 --- [caja-ahorros-backend] [           main] com.zaxxer.hikari.HikariDataSource       : HikariPool-1 - Starting...
2026-08-15T23:05:58.824-05:00  INFO 29084 --- [caja-ahorros-backend] [           main] com.zaxxer.hikari.pool.HikariPool        : HikariPool-1 - Added connection org.postgresql.jdbc.PgConnection@27438750
2026-08-15T23:05:58.827-05:00  INFO 29084 --- [caja-ahorros-backend] [           main] com.zaxxer.hikari.HikariDataSource       : HikariPool-1 - Start completed.
2026-08-15T23:05:59.007-05:00  INFO 29084 --- [caja-ahorros-backend] [           main] o.hibernate.jpa.internal.util.LogHelper  : HHH000204: Processing PersistenceUnitInfo [name: default]
2026-08-15T23:05:59.095-05:00  INFO 29084 --- [caja-ahorros-backend] [           main] org.hibernate.Version                    : HHH000412: Hibernate ORM core version 6.6.18.Final
2026-08-15T23:05:59.148-05:00  INFO 29084 --- [caja-ahorros-backend] [           main] o.h.c.internal.RegionFactoryInitiator    : HHH000026: Second-level cache disabled
2026-08-15T23:05:59.611-05:00  INFO 29084 --- [caja-ahorros-backend] [           main] o.s.o.j.p.SpringPersistenceUnitInfo      : No LoadTimeWeaver setup: ignoring JPA class transformer
2026-08-15T23:05:59.756-05:00  INFO 29084 --- [caja-ahorros-backend] [           main] org.hibernate.orm.connections.pooling    : HHH10001005: Database info:
	Database JDBC URL [Connecting through datasource 'HikariDataSource (HikariPool-1)']
	Database driver: undefined/unknown
	Database version: 18.4
	Autocommit mode: undefined/unknown
	Isolation level: undefined/unknown
	Minimum pool size: undefined/unknown
	Maximum pool size: undefined/unknown
2026-08-15T23:06:01.781-05:00  INFO 29084 --- [caja-ahorros-backend] [           main] o.h.e.t.j.p.i.JtaPlatformInitiator       : HHH000489: No JTA platform available (set 'hibernate.transaction.jta.platform' to enable JTA platform integration)
2026-08-15T23:06:01.796-05:00  INFO 29084 --- [caja-ahorros-backend] [           main] j.LocalContainerEntityManagerFactoryBean : Initialized JPA EntityManagerFactory for persistence unit 'default'
2026-08-15T23:06:02.374-05:00  INFO 29084 --- [caja-ahorros-backend] [           main] o.s.d.j.r.query.QueryEnhancerFactory     : Hibernate is in classpath; If applicable, HQL parser will be used.
2026-08-15T23:06:04.476-05:00  INFO 29084 --- [caja-ahorros-backend] [           main] eAuthenticationProviderManagerConfigurer : Global AuthenticationManager configured with AuthenticationProvider bean with name authenticationProvider
2026-08-15T23:06:04.488-05:00  WARN 29084 --- [caja-ahorros-backend] [           main] r$InitializeUserDetailsManagerConfigurer : Global AuthenticationManager configured with an AuthenticationProvider bean. UserDetailsService beans will not be used by Spring Security for automatically configuring username/password login. Consider removing the AuthenticationProvider bean. Alternatively, consider using the UserDetailsService in a manually instantiated DaoAuthenticationProvider. If the current configuration is intentional, to turn off this warning, increase the logging level of 'org.springframework.security.config.annotation.authentication.configuration.InitializeUserDetailsBeanManagerConfigurer' to ERROR
2026-08-15T23:06:05.074-05:00  INFO 29084 --- [caja-ahorros-backend] [           main] o.s.b.a.e.web.EndpointLinksResolver      : Exposing 1 endpoint beneath base path '/actuator'
2026-08-15T23:06:05.767-05:00  INFO 29084 --- [caja-ahorros-backend] [           main] o.s.b.w.embedded.tomcat.TomcatWebServer  : Tomcat started on port 8080 (http) with context path '/'
2026-08-15T23:06:05.804-05:00  INFO 29084 --- [caja-ahorros-backend] [           main] c.a.caja.CajaAhorrosBackendApplication   : Started CajaAhorrosBackendApplication in 9.505 seconds (process running for 9.922)
2026-08-15T23:09:11.251-05:00  INFO 29084 --- [caja-ahorros-backend] [nio-8080-exec-1] o.a.c.c.C.[Tomcat].[localhost].[/]       : Initializing Spring DispatcherServlet 'dispatcherServlet'
2026-08-15T23:09:11.252-05:00  INFO 29084 --- [caja-ahorros-backend] [nio-8080-exec-1] o.s.web.servlet.DispatcherServlet        : Initializing Servlet 'dispatcherServlet'
2026-08-15T23:09:11.255-05:00  INFO 29084 --- [caja-ahorros-backend] [nio-8080-exec-1] o.s.web.servlet.DispatcherServlet        : Completed initialization in 1 ms
